Microchip MPLAB XC8 Compiler V2.20

Linker command line:

-W-3 --edf=C:\Program Files\Microchip\xc8\v2.20\pic\dat\en_msgs.txt -cn \
  -h+dist/default/debug\gbs8.X.debug.sym \
  --cmf=dist/default/debug\gbs8.X.debug.cmf -z -Q16F887 \
  -oC:\Users\ssge\AppData\Local\Temp\s6ic.2 --defsym=__MPLAB_BUILD=1 \
  -Mdist/default/debug/gbs8.X.debug.map -E1 -ver=XC8 Compiler --acfsm=1493 \
  -ASTACK=0110h-016Fh -pstack=STACK \
  -ACODE=00h-07FFhx3,01800h-01EFFh,01FFFh-01FFFh \
  -ASTRCODE=00h-01EFFh,01FFFh-01FFFh -ASTRING=00h-0FFhx31,01FFFh-01FFFh \
  -ACONST=00h-0FFhx31,01FFFh-01FFFh -AENTRY=00h-0FFhx31,01FFFh-01FFFh \
  -ACOMMON=071h-07Fh -ABANK0=020h-06Fh -ABANK1=0A0h-0EFh \
  -ABANK2=0110h-016Fh -ABANK3=0190h-01E4h \
  -ARAM=020h-06Fh,0A0h-0EFh,0110h-016Fh,0190h-01E4h \
  -AABS1=020h-07Fh,0A0h-0EFh,0110h-016Fh,0190h-01EFh -ASFR0=00h-01Fh \
  -ASFR1=080h-09Fh -ASFR2=0100h-010Fh -ASFR3=0180h-018Fh \
  -ACONFIG=02007h-02008h -DCONFIG=2 -AIDLOC=02000h-02003h -DIDLOC=2 \
  -preset_vec=00h,intentry=04h,init,end_init -ppowerup=CODE -pcinit=CODE \
  -pfunctab=ENTRY -AEEDATA=00h-0FFh/02100h -peeprom_data=EEDATA -DEEDATA=2 \
  -DCODE=2 -DSTRCODE=2 -DSTRING=2 -DCONST=2 -DENTRY=2 -k \
  C:\Users\ssge\AppData\Local\Temp\s6ic.o dist/default/debug\gbs8.X.debug.o 

Object code version is 3.11

Machine type is 16F887



                Name                               Link     Load   Length Selector   Space Scale
C:\Users\ssge\AppData\Local\Temp\s6ic.o
                end_init                             10       10        3        8       0
                reset_vec                             0        0        4        0       0
                config                             2007     2007        2        0       4
dist/default/debug\gbs8.X.debug.o
                cinit                               7FA      7FA        6      FF4       0
                intentry                              4        4        C        8       0
                config                             2007     2007        2        0       4
                text6                               7B6      7B6       17      F6C       0
                text5                               7A1      7A1       15      F42       0
                text4                               77B      77B        3      EF6       0
                text3                               77E      77E        8      EFC       0
                text2                               786      786        C      F0C       0
                text1                               792      792        F      F24       0
                maintext                            7CD      7CD       2D      F9A       0
                cstackCOMMON                         71       71        7       71       1
                bssCOMMON                            78       78        2       71       1

TOTAL           Name                               Link     Load   Length     Space
        CLASS   STACK          

        CLASS   CODE           
                end_init                             10       10        3         0
                cinit                               7FA      7FA        6         0
                intentry                              4        4        C         0
                reset_vec                             0        0        4         0
                text6                               7B6      7B6       17         0
                text5                               7A1      7A1       15         0
                text4                               77B      77B        3         0
                text3                               77E      77E        8         0
                text2                               786      786        C         0
                text1                               792      792        F         0
                maintext                            7CD      7CD       2D         0

        CLASS   STRCODE        

        CLASS   STRING         

        CLASS   CONST          

        CLASS   ENTRY          

        CLASS   COMMON         
                cstackCOMMON                         71       71        7         1
                bssCOMMON                            78       78        2         1

        CLASS   BANK0          

        CLASS   BANK1          

        CLASS   BANK2          

        CLASS   BANK3          

        CLASS   RAM            

        CLASS   ABS1           
                abs_s1                               7E       7E        2         1

        CLASS   SFR0           

        CLASS   SFR1           

        CLASS   SFR2           

        CLASS   SFR3           

        CLASS   CONFIG         
                config                             2007     2007        2         4

        CLASS   IDLOC          

        CLASS   EEDATA         



SEGMENTS        Name                           Load    Length   Top    Selector   Space  Class     Delta

                reset_vec                      000000  000004  000004         0       0  CODE        2
                intentry                       000004  00000F  000013         8       0  CODE        2
                cstackCOMMON                   000071  000009  00007A        71       1  COMMON      1
                text4                          00077B  000003  00077E       EF6       0  CODE        2
                text3                          00077E  000008  000786       EFC       0  CODE        2
                text2                          000786  00000C  000792       F0C       0  CODE        2
                text1                          000792  00000F  0007A1       F24       0  CODE        2
                text5                          0007A1  000015  0007B6       F42       0  CODE        2
                text6                          0007B6  000017  0007CD       F6C       0  CODE        2
                maintext                       0007CD  00002D  0007FA       F9A       0  CODE        2
                cinit                          0007FA  000006  000800       FF4       0  CODE        2


UNUSED ADDRESS RANGES

        Name                Unused          Largest block    Delta
        BANK0            0020-006F             50           1
        BANK1            00A0-00EF             50           1
        BANK2            0110-016F             60           1
        BANK3            0190-01E4             55           1
        CODE             0013-077A            768           2
                         0800-1EFF            800
                         1FFF-1FFF              1
        COMMON           007A-007D              4           1
        CONST            0013-077A            100           2
                         0800-1EFF            100
                         1FFF-1FFF              1
        EEDATA           2100-21FF            100           2
        ENTRY            0013-077A            100           2
                         0800-1EFF            100
                         1FFF-1FFF              1
        IDLOC            2000-2003              4           2
        RAM              0020-006F             50           1
                         00A0-00EF             50
                         0110-016F             60
                         0190-01E4             55
        SFR0             0000-001F             20           1
        SFR1             0080-009F             20           1
        SFR2             0100-010F             10           1
        SFR3             0180-018F             10           1
        STACK            0110-016F             60           1
        STRCODE          0013-077A            768           2
                         0800-1EFF           1700
                         1FFF-1FFF              1
        STRING           0013-077A            100           2
                         0800-1EFF            100
                         1FFF-1FFF              1

                                  Symbol Table

GBS_T0I_Config@mode            cstackCOMMON 0074
GBS_Timer0_Config@prescaler    cstackCOMMON 0075
GBS_Timer0_Config@timer0       cstackCOMMON 0074
_ANSEL                         (abs)        0188
_ANSELH                        (abs)        0189
_CCP1CONbits                   (abs)        0017
_CCPR1L                        (abs)        0015
_GBS_Interrupt_Enable          text4        077B
_GBS_Interrupt_Init            text2        0786
_GBS_T0I_Config                text3        077E
_GBS_Timer0_Config             text1        0792
_INTCONbits                    (abs)        000B
_IOCBbits                      (abs)        0096
_ISR                           text5        07A1
_OPTION_REGbits                (abs)        0081
_PIE1bits                      (abs)        008C
_PIR1bits                      (abs)        000C
_PR2                           (abs)        0092
_PSA                           (abs)        040B
_T0CS                          (abs)        040D
_T0I_ISR                       text6        07B6
_T1CONbits                     (abs)        0010
_T2CONbits                     (abs)        0012
_TMR0                          (abs)        0001
_TMR1                          (abs)        000E
_TMR2ON                        (abs)        0092
_TRISAbits                     (abs)        0085
_TRISBbits                     (abs)        0086
_TRISCbits                     (abs)        0087
_TRISDbits                     (abs)        0088
_TRISEbits                     (abs)        0089
__Habs1                        abs1         0000
__Hbank0                       bank0        0000
__Hbank1                       bank1        0000
__Hbank2                       bank2        0000
__Hbank3                       bank3        0000
__HbssCOMMON                   bssCOMMON    0000
__Hcinit                       cinit        0800
__Hclrtext                     clrtext      0000
__Hcode                        code         0000
__Hcommon                      common       0000
__Hconfig                      config       2009
__HcstackCOMMON                cstackCOMMON 0000
__Heeprom_data                 eeprom_data  0000
__Hend_init                    end_init     0013
__Hfunctab                     functab      0000
__Hinit                        init         0010
__Hintentry                    intentry     0010
__Hmaintext                    maintext     0000
__Hpowerup                     powerup      0000
__Hram                         ram          0000
__Hreset_vec                   reset_vec    0004
__Hsfr0                        sfr0         0000
__Hsfr1                        sfr1         0000
__Hsfr2                        sfr2         0000
__Hsfr3                        sfr3         0000
__Hspace_0                     (abs)        0800
__Hspace_1                     (abs)        007A
__Hspace_2                     (abs)        0000
__Hspace_3                     (abs)        0000
__Hspace_4                     (abs)        4010
__Hstack                       stack        0000
__Hstrings                     strings      0000
__Htext                        text         0000
__Labs1                        abs1         0000
__Lbank0                       bank0        0000
__Lbank1                       bank1        0000
__Lbank2                       bank2        0000
__Lbank3                       bank3        0000
__LbssCOMMON                   bssCOMMON    0000
__Lcinit                       cinit        07FA
__Lclrtext                     clrtext      0000
__Lcode                        code         0000
__Lcommon                      common       0000
__Lconfig                      config       0000
__LcstackCOMMON                cstackCOMMON 0000
__Leeprom_data                 eeprom_data  0000
__Lend_init                    end_init     0010
__Lfunctab                     functab      0000
__Linit                        init         0010
__Lintentry                    intentry     0004
__Lmaintext                    maintext     0000
__Lpowerup                     powerup      0000
__Lram                         ram          0000
__Lreset_vec                   reset_vec    0000
__Lsfr0                        sfr0         0000
__Lsfr1                        sfr1         0000
__Lsfr2                        sfr2         0000
__Lsfr3                        sfr3         0000
__Lspace_0                     (abs)        0000
__Lspace_1                     (abs)        0000
__Lspace_2                     (abs)        0000
__Lspace_3                     (abs)        0000
__Lspace_4                     (abs)        0000
__Lstack                       stack        0000
__Lstrings                     strings      0000
__Ltext                        text         0000
__S0                           (abs)        0800
__S1                           (abs)        007A
__S2                           (abs)        0000
__S3                           (abs)        0000
___int_sp                      stack        0000
___latbits                     (abs)        0002
___sp                          stack        0000
___stackhi                     (abs)        0000
___stacklo                     (abs)        0000
__end_of_GBS_Interrupt_Enable  text4        077E
__end_of_GBS_Interrupt_Init    text2        0792
__end_of_GBS_T0I_Config        text3        0786
__end_of_GBS_Timer0_Config     text1        07A1
__end_of_ISR                   text5        07B6
__end_of_T0I_ISR               text6        07CD
__end_of__initialization       cinit        07FC
__end_of_main                  maintext     07FA
__initialization               cinit        07FA
__pbssCOMMON                   bssCOMMON    0078
__pcstackCOMMON                cstackCOMMON 0071
__pintentry                    intentry     0004
__pmaintext                    maintext     07CD
__ptext1                       text1        0792
__ptext2                       text2        0786
__ptext3                       text3        077E
__ptext4                       text4        077B
__ptext5                       text5        07A1
__ptext6                       text6        07B6
__size_of_GBS_Interrupt_Enable (abs)        0000
__size_of_GBS_Interrupt_Init   (abs)        0000
__size_of_GBS_T0I_Config       (abs)        0000
__size_of_GBS_Timer0_Config    (abs)        0000
__size_of_ISR                  (abs)        0000
__size_of_T0I_ISR              (abs)        0000
__size_of_main                 (abs)        0000
_i                             bssCOMMON    0078
_main                          maintext     07CD
btemp                          (abs)        007E
end_of_initialization          cinit        07FC
interrupt_function             intentry     0004
intlevel0                      functab      0000
intlevel1                      functab      0000
intlevel2                      functab      0000
intlevel3                      functab      0000
intlevel4                      functab      0000
intlevel5                      functab      0000
reset_vec                      reset_vec    0000
saved_w                        (abs)        007E
start                          init         0010
start_initialization           cinit        07FA
wtemp0                         (abs)        007E


FUNCTION INFORMATION:

 *************** function _main *****************
 Defined at:
		line 9 in file "../test.c"
 Parameters:    Size  Location     Type
		None
 Auto vars:     Size  Location     Type
		None
 Return value:  Size  Location     Type
                  2   14[None  ] int 
 Registers used:
		wreg, status,2, status,0, btemp+1, pclath, cstack
 Tracked objects:
		On entry : 
		On exit  : 
		Unchanged: 
 Data sizes:     COMMON   BANK0   BANK1   BANK3   BANK2
      Params:         0       0       0       0       0
      Locals:         0       0       0       0       0
      Temps:          2       0       0       0       0
      Totals:         2       0       0       0       0
Total ram usage:        2 bytes
 Hardware stack levels required when called:    4
 This function calls:
		_GBS_Interrupt_Init
		_GBS_Timer0_Config
 This function is called by:
		Startup code after reset
 This function uses a non-reentrant model


 *************** function _GBS_Timer0_Config *****************
 Defined at:
		line 9 in file "../gbs8/bsp/scr/gbs8_timer.c"
 Parameters:    Size  Location     Type
  prescaler       1    wreg     unsigned char 
  timer0          1    3[COMMON] unsigned char 
 Auto vars:     Size  Location     Type
  prescaler       1    4[COMMON] unsigned char 
 Return value:  Size  Location     Type
                  1    wreg      void 
 Registers used:
		wreg, status,2, status,0
 Tracked objects:
		On entry : 
		On exit  : 
		Unchanged: 
 Data sizes:     COMMON   BANK0   BANK1   BANK3   BANK2
      Params:         1       0       0       0       0
      Locals:         1       0       0       0       0
      Temps:          0       0       0       0       0
      Totals:         2       0       0       0       0
Total ram usage:        2 bytes
 Hardware stack levels used:    1
 Hardware stack levels required when called:    2
 This function calls:
		Nothing
 This function is called by:
		_main
 This function uses a non-reentrant model


 *************** function _GBS_Interrupt_Init *****************
 Defined at:
		line 6 in file "../gbs8/bsp/scr/gbs8_interrupt.c"
 Parameters:    Size  Location     Type
		None
 Auto vars:     Size  Location     Type
		None
 Return value:  Size  Location     Type
                  1    wreg      void 
 Registers used:
		wreg, status,2, status,0, pclath, cstack
 Tracked objects:
		On entry : 
		On exit  : 
		Unchanged: 
 Data sizes:     COMMON   BANK0   BANK1   BANK3   BANK2
      Params:         0       0       0       0       0
      Locals:         0       0       0       0       0
      Temps:          0       0       0       0       0
      Totals:         0       0       0       0       0
Total ram usage:        0 bytes
 Hardware stack levels used:    1
 Hardware stack levels required when called:    3
 This function calls:
		_GBS_Interrupt_Enable
		_GBS_T0I_Config
 This function is called by:
		_main
 This function uses a non-reentrant model


 *************** function _GBS_T0I_Config *****************
 Defined at:
		line 67 in file "../gbs8/bsp/scr/gbs8_interrupt.c"
 Parameters:    Size  Location     Type
  mode            1    wreg     unsigned char 
 Auto vars:     Size  Location     Type
  mode            1    3[COMMON] unsigned char 
 Return value:  Size  Location     Type
                  1    wreg      void 
 Registers used:
		wreg, status,0
 Tracked objects:
		On entry : 
		On exit  : 
		Unchanged: 
 Data sizes:     COMMON   BANK0   BANK1   BANK3   BANK2
      Params:         0       0       0       0       0
      Locals:         1       0       0       0       0
      Temps:          0       0       0       0       0
      Totals:         1       0       0       0       0
Total ram usage:        1 bytes
 Hardware stack levels used:    1
 Hardware stack levels required when called:    2
 This function calls:
		Nothing
 This function is called by:
		_GBS_Interrupt_Init
 This function uses a non-reentrant model


 *************** function _GBS_Interrupt_Enable *****************
 Defined at:
		line 23 in file "../gbs8/bsp/scr/gbs8_interrupt.c"
 Parameters:    Size  Location     Type
		None
 Auto vars:     Size  Location     Type
		None
 Return value:  Size  Location     Type
                  1    wreg      void 
 Registers used:
		None
 Tracked objects:
		On entry : 
		On exit  : 
		Unchanged: 
 Data sizes:     COMMON   BANK0   BANK1   BANK3   BANK2
      Params:         0       0       0       0       0
      Locals:         0       0       0       0       0
      Temps:          0       0       0       0       0
      Totals:         0       0       0       0       0
Total ram usage:        0 bytes
 Hardware stack levels used:    1
 Hardware stack levels required when called:    2
 This function calls:
		Nothing
 This function is called by:
		_GBS_Interrupt_Init
 This function uses a non-reentrant model


 *************** function _ISR *****************
 Defined at:
		line 87 in file "../gbs8/bsp/scr/gbs8_interrupt.c"
 Parameters:    Size  Location     Type
		None
 Auto vars:     Size  Location     Type
		None
 Return value:  Size  Location     Type
                  1    wreg      void 
 Registers used:
		wreg, status,2, status,0, btemp+1, pclath, cstack
 Tracked objects:
		On entry : 
		On exit  : 
		Unchanged: 
 Data sizes:     COMMON   BANK0   BANK1   BANK3   BANK2
      Params:         0       0       0       0       0
      Locals:         0       0       0       0       0
      Temps:          3       0       0       0       0
      Totals:         3       0       0       0       0
Total ram usage:        3 bytes
 Hardware stack levels used:    1
 Hardware stack levels required when called:    1
 This function calls:
		_T0I_ISR
 This function is called by:
		Interrupt level 1
 This function uses a non-reentrant model


 *************** function _T0I_ISR *****************
 Defined at:
		line 38 in file "../test.c"
 Parameters:    Size  Location     Type
		None
 Auto vars:     Size  Location     Type
		None
 Return value:  Size  Location     Type
                  1    wreg      void 
 Registers used:
		wreg, status,2, btemp+1
 Tracked objects:
		On entry : 
		On exit  : 
		Unchanged: 
 Data sizes:     COMMON   BANK0   BANK1   BANK3   BANK2
      Params:         0       0       0       0       0
      Locals:         0       0       0       0       0
      Temps:          0       0       0       0       0
      Totals:         0       0       0       0       0
Total ram usage:        0 bytes
 Hardware stack levels used:    1
 This function calls:
		Nothing
 This function is called by:
		_ISR
 This function uses a non-reentrant model



MODULE INFORMATION

Module		Function		Class		Link	Load	Size
../test.c
		_main          		CODE           	07CD	0000	46
		_T0I_ISR       		CODE           	07B6	0000	24

../test.c estimated size: 70

../gbs8/bsp/scr/gbs8_timer.c
		_GBS_Timer0_Config		CODE           	0792	0000	16

../gbs8/bsp/scr/gbs8_timer.c estimated size: 16

shared
		__initialization		CODE           	07FA	0000	3

shared estimated size: 3

../gbs8/bsp/scr/gbs8_interrupt.c
		_ISR           		CODE           	07A1	0000	22
		_GBS_T0I_Config		CODE           	077E	0000	9
		_GBS_Interrupt_Enable		CODE           	077B	0000	4
		_GBS_Interrupt_Init		CODE           	0786	0000	13

../gbs8/bsp/scr/gbs8_interrupt.c estimated size: 48

