Microchip MPLAB XC8 Compiler V2.20

Linker command line:

-W-3 --edf=C:\Program Files\Microchip\xc8\v2.20\pic\dat\en_msgs.txt -cn \
  -h+dist/default/production\gbs8.X.production.sym \
  --cmf=dist/default/production\gbs8.X.production.cmf -z -Q16F887 \
  -oC:\Users\ssge\AppData\Local\Temp\srt4.2 --defsym=__MPLAB_BUILD=1 \
  -Mdist/default/production/gbs8.X.production.map -E1 -ver=XC8 Compiler \
  --acfsm=1493 -ASTACK=01A5h-01EFh -pstack=STACK -ACODE=00h-07FFhx4 \
  -ASTRCODE=00h-01FFFh -ASTRING=00h-0FFhx32 -ACONST=00h-0FFhx32 \
  -AENTRY=00h-0FFhx32 -ACOMMON=070h-07Fh -ABANK0=020h-06Fh \
  -ABANK1=0A0h-0EFh -ABANK2=0110h-016Fh -ABANK3=0190h-01EFh \
  -ARAM=020h-06Fh,0A0h-0EFh,0110h-016Fh,0190h-01EFh \
  -AABS1=020h-07Fh,0A0h-0EFh,0110h-016Fh,0190h-01EFh -ASFR0=00h-01Fh \
  -ASFR1=080h-09Fh -ASFR2=0100h-010Fh -ASFR3=0180h-018Fh \
  -ACONFIG=02007h-02008h -DCONFIG=2 -AIDLOC=02000h-02003h -DIDLOC=2 \
  -preset_vec=00h,intentry=04h,init,end_init -ppowerup=CODE -pcinit=CODE \
  -pfunctab=ENTRY -AEEDATA=00h-0FFh/02100h -peeprom_data=EEDATA -DEEDATA=2 \
  -DCODE=2 -DSTRCODE=2 -DSTRING=2 -DCONST=2 -DENTRY=2 -k \
  C:\Users\ssge\AppData\Local\Temp\srt4.o \
  dist/default/production\gbs8.X.production.o 

Object code version is 3.11

Machine type is 16F887



                Name                               Link     Load   Length Selector   Space Scale
C:\Users\ssge\AppData\Local\Temp\srt4.o
                end_init                             16       16        3        8       0
                reset_vec                             0        0        3        0       0
                config                             2007     2007        2        0       4
dist/default/production\gbs8.X.production.o
                cinit                                19       19       19        8       0
                intentry                              4        4       12        8       0
                config                             2007     2007        2        0       4
                text20                              D6B      D6B      295     1AD6       0
                text19                              75C      75C       93        8       0
                text18                              A67      A67       68     14CE       0
                text17                              96B      96B       48     12D6       0
                text16                              ACF      ACF       BC     159E       0
                text15                              B8B      B8B      1E0     1716       0
                text14                              9B3      9B3       59     1366       0
                text13                              865      865       15     10CA       0
                text12                               32       32      60A        8       0
                text11                              8AA      8AA       1C     1154       0
                text10                              891      891       19     1122       0
                text9                               8C6      8C6       1F     118C       0
                text8                               84E      84E        3     109C       0
                text7                               7EF      7EF       10        8       0
                text6                               859      859        C     10B2       0
                text5                               87A      87A       17     10F4       0
                text4                               8E5      8E5       23     11CA       0
                text3                               938      938       33     1270       0
                text2                               908      908       30     1210       0
                text1                               A0C      A0C       5B     1418       0
                maintext                            63C      63C      120        8       0
                cstackBANK0                          20       20       50       20       1
                cstackCOMMON                         70       70        D       70       1
                cstackBANK1                          A0       A0       47       A0       1
                cstackBANK3                         19C      19C        9      190       1
                clrtext                             851      851        8     10A2       0
                bssBANK2                            110      110       50      110       1
                bssBANK3                            190      190        C      190       1
                bssBANK1                             E7       E7        2       A0       1

TOTAL           Name                               Link     Load   Length     Space
        CLASS   STACK          

        CLASS   CODE           
                end_init                             16       16        3         0
                cinit                                19       19       19         0
                intentry                              4        4       12         0
                reset_vec                             0        0        3         0
                text20                              D6B      D6B      295         0
                text19                              75C      75C       93         0
                text18                              A67      A67       68         0
                text17                              96B      96B       48         0
                text16                              ACF      ACF       BC         0
                text15                              B8B      B8B      1E0         0
                text14                              9B3      9B3       59         0
                text13                              865      865       15         0
                text12                               32       32      60A         0
                text11                              8AA      8AA       1C         0
                text10                              891      891       19         0
                text9                               8C6      8C6       1F         0
                text8                               84E      84E        3         0
                text7                               7EF      7EF       10         0
                text6                               859      859        C         0
                text5                               87A      87A       17         0
                text4                               8E5      8E5       23         0
                text3                               938      938       33         0
                text2                               908      908       30         0
                text1                               A0C      A0C       5B         0
                maintext                            63C      63C      120         0
                clrtext                             851      851        8         0

        CLASS   STRCODE        

        CLASS   STRING         

        CLASS   CONST          

        CLASS   ENTRY          

        CLASS   COMMON         
                cstackCOMMON                         70       70        D         1

        CLASS   BANK0          
                cstackBANK0                          20       20       50         1

        CLASS   BANK1          
                cstackBANK1                          A0       A0       47         1
                bssBANK1                             E7       E7        2         1

        CLASS   BANK2          
                bssBANK2                            110      110       50         1

        CLASS   BANK3          
                cstackBANK3                         19C      19C        9         1
                bssBANK3                            190      190        C         1

        CLASS   RAM            

        CLASS   ABS1           
                abs_s1                               7E       7E        2         1

        CLASS   SFR0           

        CLASS   SFR1           

        CLASS   SFR2           

        CLASS   SFR3           

        CLASS   CONFIG         
                config                             2007     2007        2         4

        CLASS   IDLOC          

        CLASS   EEDATA         



SEGMENTS        Name                           Load    Length   Top    Selector   Space  Class     Delta

                reset_vec                      000000  000003  000003         0       0  CODE        2
                intentry                       000004  0007FB  0007FF         8       0  CODE        2
                cstackBANK0                    000020  000050  000070        20       1  BANK0       1
                cstackCOMMON                   000070  00000D  00007D        70       1  COMMON      1
                cstackBANK1                    0000A0  000049  0000E9        A0       1  BANK1       1
                bssBANK2                       000110  000050  000160       110       1  BANK2       1
                bssBANK3                       000190  000015  0001A5       190       1  BANK3       1
                text8                          00084E  000003  000851      109C       0  CODE        2
                clrtext                        000851  000008  000859      10A2       0  CODE        2
                text6                          000859  00000C  000865      10B2       0  CODE        2
                text13                         000865  000015  00087A      10CA       0  CODE        2
                text5                          00087A  000017  000891      10F4       0  CODE        2
                text10                         000891  000019  0008AA      1122       0  CODE        2
                text11                         0008AA  00001C  0008C6      1154       0  CODE        2
                text9                          0008C6  00001F  0008E5      118C       0  CODE        2
                text4                          0008E5  000023  000908      11CA       0  CODE        2
                text2                          000908  000030  000938      1210       0  CODE        2
                text3                          000938  000033  00096B      1270       0  CODE        2
                text17                         00096B  000048  0009B3      12D6       0  CODE        2
                text14                         0009B3  000059  000A0C      1366       0  CODE        2
                text1                          000A0C  00005B  000A67      1418       0  CODE        2
                text18                         000A67  000068  000ACF      14CE       0  CODE        2
                text16                         000ACF  0000BC  000B8B      159E       0  CODE        2
                text15                         000B8B  0001E0  000D6B      1716       0  CODE        2
                text20                         000D6B  000295  001000      1AD6       0  CODE        2


UNUSED ADDRESS RANGES

        Name                Unused          Largest block    Delta
        BANK1            00E9-00EF              7           1
        BANK2            0160-016F             10           1
        BANK3            01A5-01EF             4B           1
        CODE             0003-0003              1           2
                         07FF-084D              1
                         1000-1FFF            800
        COMMON           007D-007D              1           1
        CONST            0003-0003              1           2
                         07FF-084D              1
                         1000-1FFF            100
        EEDATA           2100-21FF            100           2
        ENTRY            0003-0003              1           2
                         07FF-084D              1
                         1000-1FFF            100
        IDLOC            2000-2003              4           2
        RAM              00E9-00EF              7           1
                         0160-016F             10
                         01A5-01EF             4B
        SFR0             0000-001F             20           1
        SFR1             0080-009F             20           1
        SFR2             0100-010F             10           1
        SFR3             0180-018F             10           1
        STACK            01A5-01EF             4B           1
        STRCODE          0003-0003              1           2
                         07FF-084D             4F
                         1000-1FFF           1000
        STRING           0003-0003              1           2
                         07FF-084D              1
                         1000-1FFF            100

                                  Symbol Table

?___awmod                         cstackBANK3  019C
?___fldiv                         cstackBANK0  0064
?___fltol                         cstackBANK1  00B2
?___lldiv                         cstackBANK0  0020
?___lmul                          cstackBANK0  002D
?___xxtofl                        cstackBANK0  0039
?_sqrt                            cstackBANK0  0047
?i1___awmod                       cstackCOMMON 0070
GBS_Stepper_Buffer_Init@i         cstackBANK3  01A1
GBS_Stepper_Buffer_Init@sBufferX  cstackBANK3  01A0
GBS_Stepper_Exe@sBufferX          cstackBANK1  00B6
GBS_Stepper_Exe@stepperX          cstackBANK1  00E2
GBS_T2I_Config@mode               cstackBANK3  019C
GBS_Timer2_Config@ckPS            cstackBANK3  019C
GBS_Timer2_Config@outPS           cstackBANK3  019D
GBS_Timer2_Config@state           cstackBANK3  01A0
GBS_Timer2_Config@timVar          cstackBANK3  019E
_ANSEL                            (abs)        0188
_ANSELH                           (abs)        0189
_CCP1CONbits                      (abs)        0017
_CCPR1L                           (abs)        0015
_GBS_Interrupt_Enable             text8        084E
_GBS_Interrupt_Init               text6        0859
_GBS_Stepper_Buffer_Init          text4        08E5
_GBS_Stepper_Exe                  text12       0032
_GBS_Stepper_Exe$1422             cstackBANK1  00C6
_GBS_Stepper_Exe$1423             cstackBANK1  00CA
_GBS_Stepper_Exe$1424             cstackBANK1  00CE
_GBS_Stepper_Exe$1425             cstackBANK1  00D2
_GBS_Stepper_Exe$1426             cstackBANK1  00D6
_GBS_Stepper_Exe$1427             cstackBANK1  00DA
_GBS_Stepper_Exe$1428             cstackBANK1  00DE
_GBS_Stepper_Init                 text2        0908
_GBS_Stepper_Update               text11       08AA
_GBS_T2I_Config                   text7        07EF
_GBS_Timer2_Config                text3        0938
_INTCONbits                       (abs)        000B
_IOCBbits                         (abs)        0096
_ISR                              text9        08C6
_OPTION_REGbits                   (abs)        0081
_PIE1bits                         (abs)        008C
_PIR1bits                         (abs)        000C
_PR2                              (abs)        0092
_PSA                              (abs)        040B
_T0CS                             (abs)        040D
_T1CONbits                        (abs)        0010
_T2CKPS1                          (abs)        0091
_T2CONbits                        (abs)        0012
_T2I_ISR                          text10       0891
_TMR0                             (abs)        0001
_TMR1                             (abs)        000E
_TMR2                             (abs)        0011
_TMR2ON                           (abs)        0092
_TRISAbits                        (abs)        0085
_TRISBbits                        (abs)        0086
_TRISCbits                        (abs)        0087
_TRISDbits                        (abs)        0088
_TRISEbits                        (abs)        0089
__Habs1                           abs1         0000
__Hbank0                          bank0        0000
__Hbank1                          bank1        0000
__Hbank2                          bank2        0000
__Hbank3                          bank3        0000
__HbssBANK1                       bssBANK1     0000
__HbssBANK2                       bssBANK2     0000
__HbssBANK3                       bssBANK3     0000
__Hcinit                          cinit        0032
__Hclrtext                        clrtext      0000
__Hcode                           code         0000
__Hcommon                         common       0000
__Hconfig                         config       2009
__HcstackBANK0                    cstackBANK0  0000
__HcstackBANK1                    cstackBANK1  0000
__HcstackBANK3                    cstackBANK3  0000
__HcstackCOMMON                   cstackCOMMON 0000
__Heeprom_data                    eeprom_data  0000
__Hend_init                       end_init     0019
__Hfunctab                        functab      0000
__Hinit                           init         0016
__Hintentry                       intentry     0016
__Hmaintext                       maintext     0000
__Hpowerup                        powerup      0000
__Hram                            ram          0000
__Hreset_vec                      reset_vec    0003
__Hsfr0                           sfr0         0000
__Hsfr1                           sfr1         0000
__Hsfr2                           sfr2         0000
__Hsfr3                           sfr3         0000
__Hspace_0                        (abs)        1000
__Hspace_1                        (abs)        01A5
__Hspace_2                        (abs)        0000
__Hspace_3                        (abs)        0000
__Hspace_4                        (abs)        4010
__Hstack                          stack        0000
__Hstrings                        strings      0000
__Htext                           text         0000
__Labs1                           abs1         0000
__Lbank0                          bank0        0000
__Lbank1                          bank1        0000
__Lbank2                          bank2        0000
__Lbank3                          bank3        0000
__LbssBANK1                       bssBANK1     0000
__LbssBANK2                       bssBANK2     0000
__LbssBANK3                       bssBANK3     0000
__Lcinit                          cinit        0019
__Lclrtext                        clrtext      0000
__Lcode                           code         0000
__Lcommon                         common       0000
__Lconfig                         config       0000
__LcstackBANK0                    cstackBANK0  0000
__LcstackBANK1                    cstackBANK1  0000
__LcstackBANK3                    cstackBANK3  0000
__LcstackCOMMON                   cstackCOMMON 0000
__Leeprom_data                    eeprom_data  0000
__Lend_init                       end_init     0016
__Lfunctab                        functab      0000
__Linit                           init         0016
__Lintentry                       intentry     0004
__Lmaintext                       maintext     0000
__Lpowerup                        powerup      0000
__Lram                            ram          0000
__Lreset_vec                      reset_vec    0000
__Lsfr0                           sfr0         0000
__Lsfr1                           sfr1         0000
__Lsfr2                           sfr2         0000
__Lsfr3                           sfr3         0000
__Lspace_0                        (abs)        0000
__Lspace_1                        (abs)        0000
__Lspace_2                        (abs)        0000
__Lspace_3                        (abs)        0000
__Lspace_4                        (abs)        0000
__Lstack                          stack        0000
__Lstrings                        strings      0000
__Ltext                           text         0000
__S0                              (abs)        1000
__S1                              (abs)        01A5
__S2                              (abs)        0000
__S3                              (abs)        0000
___awmod                          text1        0A0C
___awmod@counter                  cstackBANK3  01A0
___awmod@dividend                 cstackBANK3  019E
___awmod@divisor                  cstackBANK3  019C
___awmod@sign                     cstackBANK3  01A1
___bmul                           text5        087A
___bmul@multiplicand              cstackBANK3  019C
___bmul@multiplier                cstackBANK3  019E
___bmul@product                   cstackBANK3  019D
___fldiv                          text20       0D6B
___fldiv@a                        cstackBANK0  0064
___fldiv@aexp                     cstackBANK1  00B1
___fldiv@b                        cstackBANK0  0068
___fldiv@bexp                     cstackBANK1  00B0
___fldiv@grs                      cstackBANK1  00AC
___fldiv@new_exp                  cstackBANK1  00AA
___fldiv@rem                      cstackBANK1  00A5
___fldiv@sign                     cstackBANK1  00A9
___fltol                          text19       075C
___fltol@exp1                     cstackCOMMON 007C
___fltol@f1                       cstackBANK1  00B2
___fltol@sign1                    cstackCOMMON 007B
___int_sp                         stack        0000
___latbits                        (abs)        0002
___lldiv                          text18       0A67
___lldiv@counter                  cstackBANK0  002C
___lldiv@dividend                 cstackBANK0  0024
___lldiv@divisor                  cstackBANK0  0020
___lldiv@quotient                 cstackBANK0  0028
___lmul                           text17       096B
___lmul@multiplicand              cstackBANK0  0031
___lmul@multiplier                cstackBANK0  002D
___lmul@product                   cstackBANK0  0035
___sp                             stack        0000
___stackhi                        (abs)        0000
___stacklo                        (abs)        0000
___xxtofl                         text16       0ACF
___xxtofl@arg                     cstackBANK0  0043
___xxtofl@exp                     cstackBANK0  0042
___xxtofl@sign                    cstackBANK0  0041
___xxtofl@val                     cstackBANK0  0039
__end_of_GBS_Interrupt_Enable     text8        0851
__end_of_GBS_Interrupt_Init       text6        0865
__end_of_GBS_Stepper_Buffer_Init  text4        0908
__end_of_GBS_Stepper_Exe          text12       063C
__end_of_GBS_Stepper_Init         text2        0938
__end_of_GBS_Stepper_Update       text11       08C6
__end_of_GBS_T2I_Config           text7        07FF
__end_of_GBS_Timer2_Config        text3        096B
__end_of_ISR                      text9        08E5
__end_of_T2I_ISR                  text10       08AA
__end_of___awmod                  text1        0A67
__end_of___bmul                   text5        0891
__end_of___fldiv                  text20       1000
__end_of___fltol                  text19       07EF
__end_of___lldiv                  text18       0ACF
__end_of___lmul                   text17       09B3
__end_of___xxtofl                 text16       0B8B
__end_of__initialization          cinit        002E
__end_of_main                     maintext     075C
__end_of_sqrt                     text15       0D6B
__end_ofi1___awmod                text14       0A0C
__end_ofi1___bmul                 text13       087A
__initialization                  cinit        0019
__pbssBANK1                       bssBANK1     00E7
__pbssBANK2                       bssBANK2     0110
__pbssBANK3                       bssBANK3     0190
__pcstackBANK0                    cstackBANK0  0020
__pcstackBANK1                    cstackBANK1  00A0
__pcstackBANK3                    cstackBANK3  019C
__pcstackCOMMON                   cstackCOMMON 0070
__pintentry                       intentry     0004
__pmaintext                       maintext     063C
__ptext1                          text1        0A0C
__ptext10                         text10       0891
__ptext11                         text11       08AA
__ptext12                         text12       0032
__ptext13                         text13       0865
__ptext14                         text14       09B3
__ptext15                         text15       0B8B
__ptext16                         text16       0ACF
__ptext17                         text17       096B
__ptext18                         text18       0A67
__ptext19                         text19       075C
__ptext2                          text2        0908
__ptext20                         text20       0D6B
__ptext3                          text3        0938
__ptext4                          text4        08E5
__ptext5                          text5        087A
__ptext6                          text6        0859
__ptext7                          text7        07EF
__ptext8                          text8        084E
__ptext9                          text9        08C6
__size_of_GBS_Interrupt_Enable    (abs)        0000
__size_of_GBS_Interrupt_Init      (abs)        0000
__size_of_GBS_Stepper_Buffer_Init (abs)        0000
__size_of_GBS_Stepper_Exe         (abs)        0000
__size_of_GBS_Stepper_Init        (abs)        0000
__size_of_GBS_Stepper_Update      (abs)        0000
__size_of_GBS_T2I_Config          (abs)        0000
__size_of_GBS_Timer2_Config       (abs)        0000
__size_of_ISR                     (abs)        0000
__size_of_T2I_ISR                 (abs)        0000
__size_of___awmod                 (abs)        0000
__size_of___bmul                  (abs)        0000
__size_of___fldiv                 (abs)        0000
__size_of___fltol                 (abs)        0000
__size_of___lldiv                 (abs)        0000
__size_of___lmul                  (abs)        0000
__size_of___xxtofl                (abs)        0000
__size_of_main                    (abs)        0000
__size_of_sqrt                    (abs)        0000
__size_ofi1___awmod               (abs)        0000
__size_ofi1___bmul                (abs)        0000
_errno                            bssBANK1     00E7
_main                             maintext     063C
_sBufferA                         bssBANK2     0110
_sqrt                             text15       0B8B
_stepperA                         bssBANK3     0190
btemp                             (abs)        007E
clear_ram0                        clrtext      0851
end_of_initialization             cinit        002E
i1___awmod                        text14       09B3
i1___awmod@counter                cstackCOMMON 0074
i1___awmod@dividend               cstackCOMMON 0072
i1___awmod@divisor                cstackCOMMON 0070
i1___awmod@sign                   cstackCOMMON 0075
i1___bmul                         text13       0865
i1___bmul@multiplicand            cstackCOMMON 0076
i1___bmul@multiplier              cstackCOMMON 0078
i1___bmul@product                 cstackCOMMON 0077
interrupt_function                intentry     0004
intlevel0                         functab      0000
intlevel1                         functab      0000
intlevel2                         functab      0000
intlevel3                         functab      0000
intlevel4                         functab      0000
intlevel5                         functab      0000
reset_vec                         reset_vec    0000
saved_w                           (abs)        007E
sqrt@a                            cstackBANK0  0047
sqrt@exp                          cstackBANK0  005A
sqrt@frac                         cstackBANK0  0060
sqrt@grs                          cstackBANK0  0056
sqrt@i                            cstackBANK0  0050
sqrt@p                            cstackBANK0  0055
sqrt@root                         cstackBANK0  005C
sqrt@sign                         cstackBANK0  004F
sqrt@tfrac                        cstackBANK0  0051
start                             init         0016
start_initialization              cinit        0019
wtemp0                            (abs)        007E


FUNCTION INFORMATION:

 *************** function _main *****************
 Defined at:
		line 9 in file "../test.c"
 Parameters:    Size  Location     Type
		None
 Auto vars:     Size  Location     Type
		None
 Return value:  Size  Location     Type
                  2   14[None  ] int 
 Registers used:
		wreg, fsr0l, fsr0h, status,2, status,0, btemp+1, pclath, cstack
 Tracked objects:
		On entry : 
		On exit  : 
		Unchanged: 
 Data sizes:     COMMON   BANK0   BANK1   BANK3   BANK2
      Params:         0       0       0       0       0
      Locals:         0       0       0       0       0
      Temps:          0       0       0       3       0
      Totals:         0       0       0       3       0
Total ram usage:        3 bytes
 Hardware stack levels required when called:    7
 This function calls:
		_GBS_Interrupt_Init
		_GBS_Stepper_Init
		___awmod
		___bmul
 This function is called by:
		Startup code after reset
 This function uses a non-reentrant model


 *************** function ___awmod *****************
 Defined at:
		line 5 in file "C:\Program Files\Microchip\xc8\v2.20\pic\sources\c90\common\awmod.c"
 Parameters:    Size  Location     Type
  divisor         2    0[BANK3 ] int 
  dividend        2    2[BANK3 ] int 
 Auto vars:     Size  Location     Type
  sign            1    5[BANK3 ] unsigned char 
  counter         1    4[BANK3 ] unsigned char 
 Return value:  Size  Location     Type
                  2    0[BANK3 ] int 
 Registers used:
		wreg, status,2, status,0, btemp+1
 Tracked objects:
		On entry : 
		On exit  : 
		Unchanged: 
 Data sizes:     COMMON   BANK0   BANK1   BANK3   BANK2
      Params:         0       0       0       4       0
      Locals:         0       0       0       2       0
      Temps:          0       0       0       0       0
      Totals:         0       0       0       6       0
Total ram usage:        6 bytes
 Hardware stack levels used:    1
 Hardware stack levels required when called:    4
 This function calls:
		Nothing
 This function is called by:
		_main
		_GBS_Stepper_Planner
 This function uses a non-reentrant model


 *************** function _GBS_Stepper_Init *****************
 Defined at:
		line 6 in file "../gbs8/driver/scr/gbs8_stepper.c"
 Parameters:    Size  Location     Type
		None
 Auto vars:     Size  Location     Type
		None
 Return value:  Size  Location     Type
                  1    wreg      void 
 Registers used:
		wreg, fsr0l, fsr0h, status,2, status,0, btemp+1, pclath, cstack
 Tracked objects:
		On entry : 
		On exit  : 
		Unchanged: 
 Data sizes:     COMMON   BANK0   BANK1   BANK3   BANK2
      Params:         0       0       0       0       0
      Locals:         0       0       0       0       0
      Temps:          0       0       0       0       0
      Totals:         0       0       0       0       0
Total ram usage:        0 bytes
 Hardware stack levels used:    1
 Hardware stack levels required when called:    6
 This function calls:
		_GBS_Stepper_Buffer_Init
		_GBS_Timer2_Config
 This function is called by:
		_main
 This function uses a non-reentrant model


 *************** function _GBS_Timer2_Config *****************
 Defined at:
		line 50 in file "../gbs8/bsp/scr/gbs8_timer.c"
 Parameters:    Size  Location     Type
  state           1    wreg     unsigned char 
  ckPS            1    0[BANK3 ] unsigned char 
  outPS           1    1[BANK3 ] unsigned char 
  timVar          1    2[BANK3 ] unsigned char 
 Auto vars:     Size  Location     Type
  state           1    4[BANK3 ] unsigned char 
 Return value:  Size  Location     Type
                  1    wreg      void 
 Registers used:
		wreg, status,2, status,0
 Tracked objects:
		On entry : 
		On exit  : 
		Unchanged: 
 Data sizes:     COMMON   BANK0   BANK1   BANK3   BANK2
      Params:         0       0       0       3       0
      Locals:         0       0       0       1       0
      Temps:          0       0       0       1       0
      Totals:         0       0       0       5       0
Total ram usage:        5 bytes
 Hardware stack levels used:    1
 Hardware stack levels required when called:    4
 This function calls:
		Nothing
 This function is called by:
		_GBS_Stepper_Init
 This function uses a non-reentrant model


 *************** function _GBS_Stepper_Buffer_Init *****************
 Defined at:
		line 55 in file "../gbs8/driver/scr/gbs8_stepper.c"
 Parameters:    Size  Location     Type
  sBufferX        1    wreg     PTR struct .
		 -> sBufferA(80), 
 Auto vars:     Size  Location     Type
  sBufferX        1    4[BANK3 ] PTR struct .
		 -> sBufferA(80), 
  i               1    5[BANK3 ] unsigned char 
 Return value:  Size  Location     Type
                  1    wreg      void 
 Registers used:
		wreg, fsr0l, fsr0h, status,2, status,0, btemp+1, pclath, cstack
 Tracked objects:
		On entry : 
		On exit  : 
		Unchanged: 
 Data sizes:     COMMON   BANK0   BANK1   BANK3   BANK2
      Params:         0       0       0       0       0
      Locals:         0       0       0       2       0
      Temps:          0       0       0       1       0
      Totals:         0       0       0       3       0
Total ram usage:        3 bytes
 Hardware stack levels used:    1
 Hardware stack levels required when called:    5
 This function calls:
		___bmul
 This function is called by:
		_GBS_Stepper_Init
 This function uses a non-reentrant model


 *************** function ___bmul *****************
 Defined at:
		line 4 in file "C:\Program Files\Microchip\xc8\v2.20\pic\sources\c90\common\Umul8.c"
 Parameters:    Size  Location     Type
  multiplier      1    wreg     unsigned char 
  multiplicand    1    0[BANK3 ] unsigned char 
 Auto vars:     Size  Location     Type
  multiplier      1    2[BANK3 ] unsigned char 
  product         1    1[BANK3 ] unsigned char 
 Return value:  Size  Location     Type
                  1    wreg      unsigned char 
 Registers used:
		wreg, status,2, status,0, btemp+1
 Tracked objects:
		On entry : 
		On exit  : 
		Unchanged: 
 Data sizes:     COMMON   BANK0   BANK1   BANK3   BANK2
      Params:         0       0       0       1       0
      Locals:         0       0       0       2       0
      Temps:          0       0       0       0       0
      Totals:         0       0       0       3       0
Total ram usage:        3 bytes
 Hardware stack levels used:    1
 Hardware stack levels required when called:    4
 This function calls:
		Nothing
 This function is called by:
		_main
		_GBS_Stepper_Buffer_Init
		_GBS_Stepper_Exe
		_GBS_Stepper_Planner
 This function uses a non-reentrant model


 *************** function _GBS_Interrupt_Init *****************
 Defined at:
		line 6 in file "../gbs8/bsp/scr/gbs8_interrupt.c"
 Parameters:    Size  Location     Type
		None
 Auto vars:     Size  Location     Type
		None
 Return value:  Size  Location     Type
                  1    wreg      void 
 Registers used:
		wreg, status,2, status,0, pclath, cstack
 Tracked objects:
		On entry : 
		On exit  : 
		Unchanged: 
 Data sizes:     COMMON   BANK0   BANK1   BANK3   BANK2
      Params:         0       0       0       0       0
      Locals:         0       0       0       0       0
      Temps:          0       0       0       0       0
      Totals:         0       0       0       0       0
Total ram usage:        0 bytes
 Hardware stack levels used:    1
 Hardware stack levels required when called:    5
 This function calls:
		_GBS_Interrupt_Enable
		_GBS_T2I_Config
 This function is called by:
		_main
 This function uses a non-reentrant model


 *************** function _GBS_T2I_Config *****************
 Defined at:
		line 82 in file "../gbs8/bsp/scr/gbs8_interrupt.c"
 Parameters:    Size  Location     Type
  mode            1    wreg     unsigned char 
 Auto vars:     Size  Location     Type
  mode            1    0[BANK3 ] unsigned char 
 Return value:  Size  Location     Type
                  1    wreg      void 
 Registers used:
		wreg, status,0
 Tracked objects:
		On entry : 
		On exit  : 
		Unchanged: 
 Data sizes:     COMMON   BANK0   BANK1   BANK3   BANK2
      Params:         0       0       0       0       0
      Locals:         0       0       0       1       0
      Temps:          0       0       0       0       0
      Totals:         0       0       0       1       0
Total ram usage:        1 bytes
 Hardware stack levels used:    1
 Hardware stack levels required when called:    4
 This function calls:
		Nothing
 This function is called by:
		_GBS_Interrupt_Init
 This function uses a non-reentrant model


 *************** function _GBS_Interrupt_Enable *****************
 Defined at:
		line 26 in file "../gbs8/bsp/scr/gbs8_interrupt.c"
 Parameters:    Size  Location     Type
		None
 Auto vars:     Size  Location     Type
		None
 Return value:  Size  Location     Type
                  1    wreg      void 
 Registers used:
		None
 Tracked objects:
		On entry : 
		On exit  : 
		Unchanged: 
 Data sizes:     COMMON   BANK0   BANK1   BANK3   BANK2
      Params:         0       0       0       0       0
      Locals:         0       0       0       0       0
      Temps:          0       0       0       0       0
      Totals:         0       0       0       0       0
Total ram usage:        0 bytes
 Hardware stack levels used:    1
 Hardware stack levels required when called:    4
 This function calls:
		Nothing
 This function is called by:
		_GBS_Interrupt_Init
 This function uses a non-reentrant model


 *************** function _ISR *****************
 Defined at:
		line 90 in file "../gbs8/bsp/scr/gbs8_interrupt.c"
 Parameters:    Size  Location     Type
		None
 Auto vars:     Size  Location     Type
		None
 Return value:  Size  Location     Type
                  1    wreg      void 
 Registers used:
		wreg, fsr0l, fsr0h, status,2, status,0, btemp+1, pclath, cstack
 Tracked objects:
		On entry : 
		On exit  : 
		Unchanged: 
 Data sizes:     COMMON   BANK0   BANK1   BANK3   BANK2
      Params:         0       0       0       0       0
      Locals:         0       0       0       0       0
      Temps:          0       0       4       0       0
      Totals:         0       0       4       0       0
Total ram usage:        4 bytes
 Hardware stack levels used:    1
 Hardware stack levels required when called:    3
 This function calls:
		_T2I_ISR
 This function is called by:
		Interrupt level 1
 This function uses a non-reentrant model


 *************** function _T2I_ISR *****************
 Defined at:
		line 312 in file "../gbs8/driver/scr/gbs8_stepper.c"
 Parameters:    Size  Location     Type
		None
 Auto vars:     Size  Location     Type
		None
 Return value:  Size  Location     Type
                  1    wreg      void 
 Registers used:
		wreg, fsr0l, fsr0h, status,2, status,0, btemp+1, pclath, cstack
 Tracked objects:
		On entry : 
		On exit  : 
		Unchanged: 
 Data sizes:     COMMON   BANK0   BANK1   BANK3   BANK2
      Params:         0       0       0       0       0
      Locals:         0       0       0       0       0
      Temps:          0       0       0       0       0
      Totals:         0       0       0       0       0
Total ram usage:        0 bytes
 Hardware stack levels used:    1
 Hardware stack levels required when called:    2
 This function calls:
		_GBS_Stepper_Exe
		_GBS_Stepper_Update
 This function is called by:
		_ISR
 This function uses a non-reentrant model


 *************** function _GBS_Stepper_Update *****************
 Defined at:
		line 248 in file "../gbs8/driver/scr/gbs8_stepper.c"
 Parameters:    Size  Location     Type
		None
 Auto vars:     Size  Location     Type
		None
 Return value:  Size  Location     Type
                  1    wreg      void 
 Registers used:
		wreg, status,2, status,0
 Tracked objects:
		On entry : 
		On exit  : 
		Unchanged: 
 Data sizes:     COMMON   BANK0   BANK1   BANK3   BANK2
      Params:         0       0       0       0       0
      Locals:         0       0       0       0       0
      Temps:          0       0       0       0       0
      Totals:         0       0       0       0       0
Total ram usage:        0 bytes
 Hardware stack levels used:    1
 This function calls:
		Nothing
 This function is called by:
		_T2I_ISR
 This function uses a non-reentrant model


 *************** function _GBS_Stepper_Exe *****************
 Defined at:
		line 192 in file "../gbs8/driver/scr/gbs8_stepper.c"
 Parameters:    Size  Location     Type
  stepperX        1    wreg     PTR struct .
		 -> stepperA(12), 
  sBufferX        1   22[BANK1 ] PTR struct .
		 -> sBufferA(80), 
 Auto vars:     Size  Location     Type
  stepperX        1   66[BANK1 ] PTR struct .
		 -> stepperA(12), 
 Return value:  Size  Location     Type
                  1    wreg      void 
 Registers used:
		wreg, fsr0l, fsr0h, status,2, status,0, btemp+1, pclath, cstack
 Tracked objects:
		On entry : 
		On exit  : 
		Unchanged: 
 Data sizes:     COMMON   BANK0   BANK1   BANK3   BANK2
      Params:         0       0       1       0       0
      Locals:         0       0      29       0       0
      Temps:          0       0      15       0       0
      Totals:         0       0      45       0       0
Total ram usage:       45 bytes
 Hardware stack levels used:    1
 Hardware stack levels required when called:    1
 This function calls:
		___fldiv
		___fltol
		___lldiv
		___lmul
		___xxtofl
		_sqrt
		i1___awmod
		i1___bmul
 This function is called by:
		_T2I_ISR
 This function uses a non-reentrant model


 *************** function i1___bmul *****************
 Defined at:
		line 4 in file "C:\Program Files\Microchip\xc8\v2.20\pic\sources\c90\common\Umul8.c"
 Parameters:    Size  Location     Type
  multiplier      1    wreg     unsigned char 
  multiplicand    1    6[COMMON] unsigned char 
 Auto vars:     Size  Location     Type
  multiplier      1    8[COMMON] unsigned char 
  product         1    7[COMMON] unsigned char 
 Return value:  Size  Location     Type
                  1    wreg      unsigned char 
 Registers used:
		wreg, status,2, status,0, btemp+1
 Tracked objects:
		On entry : 
		On exit  : 
		Unchanged: 
 Data sizes:     COMMON   BANK0   BANK1   BANK3   BANK2
      Params:         1       0       0       0       0
      Locals:         2       0       0       0       0
      Temps:          0       0       0       0       0
      Totals:         3       0       0       0       0
Total ram usage:        3 bytes
 Hardware stack levels used:    1
 This function calls:
		Nothing
 This function is called by:
		_GBS_Stepper_Exe
 This function uses a non-reentrant model


 *************** function i1___awmod *****************
 Defined at:
		line 5 in file "C:\Program Files\Microchip\xc8\v2.20\pic\sources\c90\common\awmod.c"
 Parameters:    Size  Location     Type
  divisor         2    0[COMMON] int 
  dividend        2    2[COMMON] int 
 Auto vars:     Size  Location     Type
  sign            1    5[COMMON] unsigned char 
  counter         1    4[COMMON] unsigned char 
 Return value:  Size  Location     Type
                  2    0[COMMON] int 
 Registers used:
		wreg, status,2, status,0, btemp+1
 Tracked objects:
		On entry : 
		On exit  : 
		Unchanged: 
 Data sizes:     COMMON   BANK0   BANK1   BANK3   BANK2
      Params:         4       0       0       0       0
      Locals:         2       0       0       0       0
      Temps:          0       0       0       0       0
      Totals:         6       0       0       0       0
Total ram usage:        6 bytes
 Hardware stack levels used:    1
 This function calls:
		Nothing
 This function is called by:
		_GBS_Stepper_Exe
 This function uses a non-reentrant model


 *************** function _sqrt *****************
 Defined at:
		line 9 in file "C:\Program Files\Microchip\xc8\v2.20\pic\sources\c90\common\sprcsqrt.c"
 Parameters:    Size  Location     Type
  a               4   39[BANK0 ] int 
 Auto vars:     Size  Location     Type
  frac            4   64[BANK0 ] unsigned long 
  root            4   60[BANK0 ] struct .
  grs             4   54[BANK0 ] unsigned long 
  tfrac           4   49[BANK0 ] unsigned long 
  exp             2   58[BANK0 ] int 
  p               1   53[BANK0 ] unsigned char 
  i               1   48[BANK0 ] unsigned char 
  sign            1   47[BANK0 ] unsigned char 
 Return value:  Size  Location     Type
                  4   39[BANK0 ] unsigned char 
 Registers used:
		wreg, status,2, status,0, btemp+1
 Tracked objects:
		On entry : 
		On exit  : 
		Unchanged: 
 Data sizes:     COMMON   BANK0   BANK1   BANK3   BANK2
      Params:         0       4       0       0       0
      Locals:         0      21       0       0       0
      Temps:          0       4       0       0       0
      Totals:         0      29       0       0       0
Total ram usage:       29 bytes
 Hardware stack levels used:    1
 This function calls:
		Nothing
 This function is called by:
		_GBS_Stepper_Exe
 This function uses a non-reentrant model


 *************** function ___xxtofl *****************
 Defined at:
		line 10 in file "C:\Program Files\Microchip\xc8\v2.20\pic\sources\c90\common\xxtofl.c"
 Parameters:    Size  Location     Type
  sign            1    wreg     unsigned char 
  val             4   25[BANK0 ] long 
 Auto vars:     Size  Location     Type
  sign            1   33[BANK0 ] unsigned char 
  arg             4   35[BANK0 ] unsigned long 
  exp             1   34[BANK0 ] unsigned char 
 Return value:  Size  Location     Type
                  4   25[BANK0 ] unsigned char 
 Registers used:
		wreg, status,2, status,0, btemp+1
 Tracked objects:
		On entry : 
		On exit  : 
		Unchanged: 
 Data sizes:     COMMON   BANK0   BANK1   BANK3   BANK2
      Params:         0       4       0       0       0
      Locals:         0       6       0       0       0
      Temps:          0       4       0       0       0
      Totals:         0      14       0       0       0
Total ram usage:       14 bytes
 Hardware stack levels used:    1
 This function calls:
		Nothing
 This function is called by:
		_GBS_Stepper_Exe
		_GBS_Stepper_Planner
 This function uses a non-reentrant model


 *************** function ___lmul *****************
 Defined at:
		line 15 in file "C:\Program Files\Microchip\xc8\v2.20\pic\sources\c90\common\Umul32.c"
 Parameters:    Size  Location     Type
  multiplier      4   13[BANK0 ] unsigned long 
  multiplicand    4   17[BANK0 ] unsigned long 
 Auto vars:     Size  Location     Type
  product         4   21[BANK0 ] unsigned long 
 Return value:  Size  Location     Type
                  4   13[BANK0 ] unsigned long 
 Registers used:
		wreg, status,2, status,0
 Tracked objects:
		On entry : 
		On exit  : 
		Unchanged: 
 Data sizes:     COMMON   BANK0   BANK1   BANK3   BANK2
      Params:         0       8       0       0       0
      Locals:         0       4       0       0       0
      Temps:          1       0       0       0       0
      Totals:         1      12       0       0       0
Total ram usage:       13 bytes
 Hardware stack levels used:    1
 This function calls:
		Nothing
 This function is called by:
		_GBS_Stepper_Exe
		_GBS_Stepper_Planner
 This function uses a non-reentrant model


 *************** function ___lldiv *****************
 Defined at:
		line 5 in file "C:\Program Files\Microchip\xc8\v2.20\pic\sources\c90\common\__lldiv.c"
 Parameters:    Size  Location     Type
  divisor         4    0[BANK0 ] unsigned long 
  dividend        4    4[BANK0 ] unsigned long 
 Auto vars:     Size  Location     Type
  quotient        4    8[BANK0 ] unsigned long 
  counter         1   12[BANK0 ] unsigned char 
 Return value:  Size  Location     Type
                  4    0[BANK0 ] unsigned long 
 Registers used:
		wreg, status,2, status,0, btemp+1
 Tracked objects:
		On entry : 
		On exit  : 
		Unchanged: 
 Data sizes:     COMMON   BANK0   BANK1   BANK3   BANK2
      Params:         0       8       0       0       0
      Locals:         0       5       0       0       0
      Temps:          1       0       0       0       0
      Totals:         1      13       0       0       0
Total ram usage:       14 bytes
 Hardware stack levels used:    1
 This function calls:
		Nothing
 This function is called by:
		_GBS_Stepper_Exe
 This function uses a non-reentrant model


 *************** function ___fltol *****************
 Defined at:
		line 43 in file "C:\Program Files\Microchip\xc8\v2.20\pic\sources\c90\common\fltol.c"
 Parameters:    Size  Location     Type
  f1              4   18[BANK1 ] unsigned long 
 Auto vars:     Size  Location     Type
  exp1            1   12[COMMON] unsigned char 
  sign1           1   11[COMMON] unsigned char 
 Return value:  Size  Location     Type
                  4   18[BANK1 ] long 
 Registers used:
		wreg, status,2, status,0, btemp+1
 Tracked objects:
		On entry : 
		On exit  : 
		Unchanged: 
 Data sizes:     COMMON   BANK0   BANK1   BANK3   BANK2
      Params:         0       0       4       0       0
      Locals:         2       0       0       0       0
      Temps:          0       4       0       0       0
      Totals:         2       4       4       0       0
Total ram usage:       10 bytes
 Hardware stack levels used:    1
 This function calls:
		Nothing
 This function is called by:
		_GBS_Stepper_Exe
		_GBS_Stepper_Planner
 This function uses a non-reentrant model


 *************** function ___fldiv *****************
 Defined at:
		line 8 in file "C:\Program Files\Microchip\xc8\v2.20\pic\sources\c90\common\sprcdiv.c"
 Parameters:    Size  Location     Type
  a               4   68[BANK0 ] long 
  b               4   72[BANK0 ] long 
 Auto vars:     Size  Location     Type
  grs             4   12[BANK1 ] unsigned long 
  rem             4    5[BANK1 ] unsigned long 
  new_exp         2   10[BANK1 ] int 
  aexp            1   17[BANK1 ] unsigned char 
  bexp            1   16[BANK1 ] unsigned char 
  sign            1    9[BANK1 ] unsigned char 
 Return value:  Size  Location     Type
                  4   68[BANK0 ] unsigned char 
 Registers used:
		wreg, status,2, status,0, btemp+1
 Tracked objects:
		On entry : 
		On exit  : 
		Unchanged: 
 Data sizes:     COMMON   BANK0   BANK1   BANK3   BANK2
      Params:         0       8       0       0       0
      Locals:         0       0      13       0       0
      Temps:          0       0       5       0       0
      Totals:         0       8      18       0       0
Total ram usage:       26 bytes
 Hardware stack levels used:    1
 This function calls:
		Nothing
 This function is called by:
		_GBS_Stepper_Exe
		_GBS_Stepper_Planner
 This function uses a non-reentrant model



MODULE INFORMATION

Module		Function		Class		Link	Load	Size
C:\Program Files\Microchip\xc8\v2.20\pic\sources\c90\common\Umul32.c
		___lmul        		CODE           	096B	0000	73

C:\Program Files\Microchip\xc8\v2.20\pic\sources\c90\common\Umul32.c estimated size: 73

C:\Program Files\Microchip\xc8\v2.20\pic\sources\c90\common\__lldiv.c
		___lldiv       		CODE           	0A67	0000	105

C:\Program Files\Microchip\xc8\v2.20\pic\sources\c90\common\__lldiv.c estimated size: 105

../test.c
		_main          		CODE           	063C	0000	289

../test.c estimated size: 289

C:\Program Files\Microchip\xc8\v2.20\pic\sources\c90\common\sprcsqrt.c
		_sqrt          		CODE           	0B8B	0000	481

C:\Program Files\Microchip\xc8\v2.20\pic\sources\c90\common\sprcsqrt.c estimated size: 481

C:\Program Files\Microchip\xc8\v2.20\pic\sources\c90\common\xxtofl.c
		___xxtofl      		CODE           	0ACF	0000	189

C:\Program Files\Microchip\xc8\v2.20\pic\sources\c90\common\xxtofl.c estimated size: 189

../gbs8/bsp/scr/gbs8_timer.c
		_GBS_Timer2_Config		CODE           	0938	0000	52

../gbs8/bsp/scr/gbs8_timer.c estimated size: 52

C:\Program Files\Microchip\xc8\v2.20\pic\sources\c90\common\awmod.c
		___awmod       		CODE           	0A0C	0000	92

C:\Program Files\Microchip\xc8\v2.20\pic\sources\c90\common\awmod.c estimated size: 92

shared
		__initialization		CODE           	0019	0000	22
		i1___awmod     		CODE           	09B3	0000	90
		i1___bmul      		CODE           	0865	0000	22

shared estimated size: 134

../gbs8/bsp/scr/gbs8_interrupt.c
		_GBS_T2I_Config		CODE           	07EF	0000	17
		_ISR           		CODE           	08C6	0000	32
		_GBS_Interrupt_Enable		CODE           	084E	0000	4
		_GBS_Interrupt_Init		CODE           	0859	0000	13

../gbs8/bsp/scr/gbs8_interrupt.c estimated size: 66

C:\Program Files\Microchip\xc8\v2.20\pic\sources\c90\common\fltol.c
		___fltol       		CODE           	075C	0000	148

C:\Program Files\Microchip\xc8\v2.20\pic\sources\c90\common\fltol.c estimated size: 148

../gbs8/driver/scr/gbs8_stepper.c
		_GBS_Stepper_Update		CODE           	08AA	0000	29
		_GBS_Stepper_Exe		CODE           	0032	0000	1547
		_GBS_Stepper_Buffer_Init		CODE           	08E5	0000	36
		_GBS_Stepper_Init		CODE           	0908	0000	49
		_T2I_ISR       		CODE           	0891	0000	26

../gbs8/driver/scr/gbs8_stepper.c estimated size: 1687

C:\Program Files\Microchip\xc8\v2.20\pic\sources\c90\common\Umul8.c
		___bmul        		CODE           	087A	0000	24

C:\Program Files\Microchip\xc8\v2.20\pic\sources\c90\common\Umul8.c estimated size: 24

C:\Program Files\Microchip\xc8\v2.20\pic\sources\c90\common\sprcdiv.c
		___fldiv       		CODE           	0D6B	0000	662

C:\Program Files\Microchip\xc8\v2.20\pic\sources\c90\common\sprcdiv.c estimated size: 662

