Microchip MPLAB XC8 Compiler V2.20

Linker command line:

-W-3 --edf=C:\Program Files\Microchip\xc8\v2.20\pic\dat\en_msgs.txt -cn \
  -h+dist/default/production\gbs8.X.production.sym \
  --cmf=dist/default/production\gbs8.X.production.cmf -z -Q16F887 \
  -oC:\Users\ssge\AppData\Local\Temp\s325k.2 --defsym=__MPLAB_BUILD=1 \
  -Mdist/default/production/gbs8.X.production.map -E1 -ver=XC8 Compiler \
  --acfsm=1493 -ASTACK=0110h-016Fh -pstack=STACK -ACODE=00h-07FFhx4 \
  -ASTRCODE=00h-01FFFh -ASTRING=00h-0FFhx32 -ACONST=00h-0FFhx32 \
  -AENTRY=00h-0FFhx32 -ACOMMON=070h-07Fh -ABANK0=020h-06Fh \
  -ABANK1=0A0h-0EFh -ABANK2=0110h-016Fh -ABANK3=0190h-01EFh \
  -ARAM=020h-06Fh,0A0h-0EFh,0110h-016Fh,0190h-01EFh \
  -AABS1=020h-07Fh,0A0h-0EFh,0110h-016Fh,0190h-01EFh -ASFR0=00h-01Fh \
  -ASFR1=080h-09Fh -ASFR2=0100h-010Fh -ASFR3=0180h-018Fh \
  -ACONFIG=02007h-02008h -DCONFIG=2 -AIDLOC=02000h-02003h -DIDLOC=2 \
  -preset_vec=00h,intentry=04h,init,end_init -ppowerup=CODE -pcinit=CODE \
  -pfunctab=ENTRY -AEEDATA=00h-0FFh/02100h -peeprom_data=EEDATA -DEEDATA=2 \
  -DCODE=2 -DSTRCODE=2 -DSTRING=2 -DCONST=2 -DENTRY=2 -k \
  C:\Users\ssge\AppData\Local\Temp\s325k.o \
  dist/default/production\gbs8.X.production.o 

Object code version is 3.11

Machine type is 16F887



                Name                               Link     Load   Length Selector   Space Scale
C:\Users\ssge\AppData\Local\Temp\s325k.o
                end_init                              C        C        3        8       0
                reset_vec                             0        0        3        0       0
                config                             2007     2007        2        0       4
dist/default/production\gbs8.X.production.o
                cinit                                 F        F        8        8       0
                intentry                              4        4        8        8       0
                config                             2007     2007        2        0       4
                text6                                17       17       2F        8       0
                text5                                5A       5A       11        8       0
                text4                                8E       8E        3        8       0
                text3                                86       86        8        8       0
                text2                                7A       7A        C        8       0
                text1                                6B       6B        F        8       0
                maintext                             46       46       14        8       0
                cstackCOMMON                         74       74        4       70       1
                bssCOMMON                            70       70        4       70       1

TOTAL           Name                               Link     Load   Length     Space
        CLASS   STACK          

        CLASS   CODE           
                end_init                              C        C        3         0
                cinit                                 F        F        8         0
                intentry                              4        4        8         0
                reset_vec                             0        0        3         0
                text6                                17       17       2F         0
                text5                                5A       5A       11         0
                text4                                8E       8E        3         0
                text3                                86       86        8         0
                text2                                7A       7A        C         0
                text1                                6B       6B        F         0
                maintext                             46       46       14         0

        CLASS   STRCODE        

        CLASS   STRING         

        CLASS   CONST          

        CLASS   ENTRY          

        CLASS   COMMON         
                cstackCOMMON                         74       74        4         1
                bssCOMMON                            70       70        4         1

        CLASS   BANK0          

        CLASS   BANK1          

        CLASS   BANK2          

        CLASS   BANK3          

        CLASS   RAM            

        CLASS   ABS1           
                abs_s1                               7E       7E        2         1

        CLASS   SFR0           

        CLASS   SFR1           

        CLASS   SFR2           

        CLASS   SFR3           

        CLASS   CONFIG         
                config                             2007     2007        2         4

        CLASS   IDLOC          

        CLASS   EEDATA         



SEGMENTS        Name                           Load    Length   Top    Selector   Space  Class     Delta

                reset_vec                      000000  000003  000003         0       0  CODE        2
                intentry                       000004  00008D  000091         8       0  CODE        2
                bssCOMMON                      000070  000008  000078        70       1  COMMON      1


UNUSED ADDRESS RANGES

        Name                Unused          Largest block    Delta
        BANK0            0020-006F             50           1
        BANK1            00A0-00EF             50           1
        BANK2            0110-016F             60           1
        BANK3            0190-01EF             60           1
        CODE             0003-0003              1           2
                         0091-1FFF            800
        COMMON           0078-007D              6           1
        CONST            0003-0003              1           2
                         0091-1FFF            100
        EEDATA           2100-21FF            100           2
        ENTRY            0003-0003              1           2
                         0091-1FFF            100
        IDLOC            2000-2003              4           2
        RAM              0020-006F             50           1
                         00A0-00EF             50
                         0110-016F             60
                         0190-01EF             60
        SFR0             0000-001F             20           1
        SFR1             0080-009F             20           1
        SFR2             0100-010F             10           1
        SFR3             0180-018F             10           1
        STACK            0110-016F             60           1
        STRCODE          0003-0003              1           2
                         0091-1FFF           1F6F
        STRING           0003-0003              1           2
                         0091-1FFF            100

                                  Symbol Table

GBS_T0I_Config@mode            cstackCOMMON 0076
GBS_Timer0_Config@prescaler    cstackCOMMON 0077
GBS_Timer0_Config@timer0       cstackCOMMON 0076
_ANSEL                         (abs)        0188
_ANSELH                        (abs)        0189
_CCP1CONbits                   (abs)        0017
_CCPR1L                        (abs)        0015
_GBS_Interrupt_Enable          text4        008E
_GBS_Interrupt_Init            text2        007A
_GBS_T0I_Config                text3        0086
_GBS_Timer0_Config             text1        006B
_INTCONbits                    (abs)        000B
_IOCBbits                      (abs)        0096
_ISR                           text5        005A
_OPTION_REGbits                (abs)        0081
_PIE1bits                      (abs)        008C
_PIR1bits                      (abs)        000C
_PR2                           (abs)        0092
_PSA                           (abs)        040B
_T0CS                          (abs)        040D
_T0I_ISR                       text6        0017
_T1CONbits                     (abs)        0010
_T2CONbits                     (abs)        0012
_TMR0                          (abs)        0001
_TMR1                          (abs)        000E
_TMR2ON                        (abs)        0092
_TRISAbits                     (abs)        0085
_TRISBbits                     (abs)        0086
_TRISCbits                     (abs)        0087
_TRISDbits                     (abs)        0088
_TRISEbits                     (abs)        0089
__Habs1                        abs1         0000
__Hbank0                       bank0        0000
__Hbank1                       bank1        0000
__Hbank2                       bank2        0000
__Hbank3                       bank3        0000
__HbssCOMMON                   bssCOMMON    0000
__Hcinit                       cinit        0017
__Hclrtext                     clrtext      0000
__Hcode                        code         0000
__Hcommon                      common       0000
__Hconfig                      config       2009
__HcstackCOMMON                cstackCOMMON 0000
__Heeprom_data                 eeprom_data  0000
__Hend_init                    end_init     000F
__Hfunctab                     functab      0000
__Hinit                        init         000C
__Hintentry                    intentry     000C
__Hmaintext                    maintext     0000
__Hpowerup                     powerup      0000
__Hram                         ram          0000
__Hreset_vec                   reset_vec    0003
__Hsfr0                        sfr0         0000
__Hsfr1                        sfr1         0000
__Hsfr2                        sfr2         0000
__Hsfr3                        sfr3         0000
__Hspace_0                     (abs)        0091
__Hspace_1                     (abs)        0078
__Hspace_2                     (abs)        0000
__Hspace_3                     (abs)        0000
__Hspace_4                     (abs)        4010
__Hstack                       stack        0000
__Hstrings                     strings      0000
__Htext                        text         0000
__Labs1                        abs1         0000
__Lbank0                       bank0        0000
__Lbank1                       bank1        0000
__Lbank2                       bank2        0000
__Lbank3                       bank3        0000
__LbssCOMMON                   bssCOMMON    0000
__Lcinit                       cinit        000F
__Lclrtext                     clrtext      0000
__Lcode                        code         0000
__Lcommon                      common       0000
__Lconfig                      config       0000
__LcstackCOMMON                cstackCOMMON 0000
__Leeprom_data                 eeprom_data  0000
__Lend_init                    end_init     000C
__Lfunctab                     functab      0000
__Linit                        init         000C
__Lintentry                    intentry     0004
__Lmaintext                    maintext     0000
__Lpowerup                     powerup      0000
__Lram                         ram          0000
__Lreset_vec                   reset_vec    0000
__Lsfr0                        sfr0         0000
__Lsfr1                        sfr1         0000
__Lsfr2                        sfr2         0000
__Lsfr3                        sfr3         0000
__Lspace_0                     (abs)        0000
__Lspace_1                     (abs)        0000
__Lspace_2                     (abs)        0000
__Lspace_3                     (abs)        0000
__Lspace_4                     (abs)        0000
__Lstack                       stack        0000
__Lstrings                     strings      0000
__Ltext                        text         0000
__S0                           (abs)        0091
__S1                           (abs)        0078
__S2                           (abs)        0000
__S3                           (abs)        0000
___int_sp                      stack        0000
___latbits                     (abs)        0002
___sp                          stack        0000
___stackhi                     (abs)        0000
___stacklo                     (abs)        0000
__end_of_GBS_Interrupt_Enable  text4        0091
__end_of_GBS_Interrupt_Init    text2        0086
__end_of_GBS_T0I_Config        text3        008E
__end_of_GBS_Timer0_Config     text1        007A
__end_of_ISR                   text5        006B
__end_of_T0I_ISR               text6        0046
__end_of__initialization       cinit        0013
__end_of_main                  maintext     005A
__initialization               cinit        000F
__pbssCOMMON                   bssCOMMON    0070
__pcstackCOMMON                cstackCOMMON 0074
__pintentry                    intentry     0004
__pmaintext                    maintext     0046
__ptext1                       text1        006B
__ptext2                       text2        007A
__ptext3                       text3        0086
__ptext4                       text4        008E
__ptext5                       text5        005A
__ptext6                       text6        0017
__size_of_GBS_Interrupt_Enable (abs)        0000
__size_of_GBS_Interrupt_Init   (abs)        0000
__size_of_GBS_T0I_Config       (abs)        0000
__size_of_GBS_Timer0_Config    (abs)        0000
__size_of_ISR                  (abs)        0000
__size_of_T0I_ISR              (abs)        0000
__size_of_main                 (abs)        0000
_i                             bssCOMMON    0070
_main                          maintext     0046
btemp                          (abs)        007E
end_of_initialization          cinit        0013
interrupt_function             intentry     0004
intlevel0                      functab      0000
intlevel1                      functab      0000
intlevel2                      functab      0000
intlevel3                      functab      0000
intlevel4                      functab      0000
intlevel5                      functab      0000
reset_vec                      reset_vec    0000
saved_w                        (abs)        007E
start                          init         000C
start_initialization           cinit        000F
wtemp0                         (abs)        007E


FUNCTION INFORMATION:

 *************** function _main *****************
 Defined at:
		line 9 in file "../test.c"
 Parameters:    Size  Location     Type
		None
 Auto vars:     Size  Location     Type
		None
 Return value:  Size  Location     Type
                  2   12[None  ] int 
 Registers used:
		wreg, status,2, status,0, pclath, cstack
 Tracked objects:
		On entry : 
		On exit  : 
		Unchanged: 
 Data sizes:     COMMON   BANK0   BANK1   BANK3   BANK2
      Params:         0       0       0       0       0
      Locals:         0       0       0       0       0
      Temps:          0       0       0       0       0
      Totals:         0       0       0       0       0
Total ram usage:        0 bytes
 Hardware stack levels required when called:    4
 This function calls:
		_GBS_Interrupt_Init
		_GBS_Timer0_Config
 This function is called by:
		Startup code after reset
 This function uses a non-reentrant model


 *************** function _GBS_Timer0_Config *****************
 Defined at:
		line 9 in file "../gbs8/bsp/scr/gbs8_timer.c"
 Parameters:    Size  Location     Type
  prescaler       1    wreg     unsigned char 
  timer0          1    2[COMMON] unsigned char 
 Auto vars:     Size  Location     Type
  prescaler       1    3[COMMON] unsigned char 
 Return value:  Size  Location     Type
                  1    wreg      void 
 Registers used:
		wreg, status,2, status,0
 Tracked objects:
		On entry : 
		On exit  : 
		Unchanged: 
 Data sizes:     COMMON   BANK0   BANK1   BANK3   BANK2
      Params:         1       0       0       0       0
      Locals:         1       0       0       0       0
      Temps:          0       0       0       0       0
      Totals:         2       0       0       0       0
Total ram usage:        2 bytes
 Hardware stack levels used:    1
 Hardware stack levels required when called:    2
 This function calls:
		Nothing
 This function is called by:
		_main
 This function uses a non-reentrant model


 *************** function _GBS_Interrupt_Init *****************
 Defined at:
		line 6 in file "../gbs8/bsp/scr/gbs8_interrupt.c"
 Parameters:    Size  Location     Type
		None
 Auto vars:     Size  Location     Type
		None
 Return value:  Size  Location     Type
                  1    wreg      void 
 Registers used:
		wreg, status,2, status,0, pclath, cstack
 Tracked objects:
		On entry : 
		On exit  : 
		Unchanged: 
 Data sizes:     COMMON   BANK0   BANK1   BANK3   BANK2
      Params:         0       0       0       0       0
      Locals:         0       0       0       0       0
      Temps:          0       0       0       0       0
      Totals:         0       0       0       0       0
Total ram usage:        0 bytes
 Hardware stack levels used:    1
 Hardware stack levels required when called:    3
 This function calls:
		_GBS_Interrupt_Enable
		_GBS_T0I_Config
 This function is called by:
		_main
 This function uses a non-reentrant model


 *************** function _GBS_T0I_Config *****************
 Defined at:
		line 67 in file "../gbs8/bsp/scr/gbs8_interrupt.c"
 Parameters:    Size  Location     Type
  mode            1    wreg     unsigned char 
 Auto vars:     Size  Location     Type
  mode            1    2[COMMON] unsigned char 
 Return value:  Size  Location     Type
                  1    wreg      void 
 Registers used:
		wreg, status,0
 Tracked objects:
		On entry : 
		On exit  : 
		Unchanged: 
 Data sizes:     COMMON   BANK0   BANK1   BANK3   BANK2
      Params:         0       0       0       0       0
      Locals:         1       0       0       0       0
      Temps:          0       0       0       0       0
      Totals:         1       0       0       0       0
Total ram usage:        1 bytes
 Hardware stack levels used:    1
 Hardware stack levels required when called:    2
 This function calls:
		Nothing
 This function is called by:
		_GBS_Interrupt_Init
 This function uses a non-reentrant model


 *************** function _GBS_Interrupt_Enable *****************
 Defined at:
		line 23 in file "../gbs8/bsp/scr/gbs8_interrupt.c"
 Parameters:    Size  Location     Type
		None
 Auto vars:     Size  Location     Type
		None
 Return value:  Size  Location     Type
                  1    wreg      void 
 Registers used:
		None
 Tracked objects:
		On entry : 
		On exit  : 
		Unchanged: 
 Data sizes:     COMMON   BANK0   BANK1   BANK3   BANK2
      Params:         0       0       0       0       0
      Locals:         0       0       0       0       0
      Temps:          0       0       0       0       0
      Totals:         0       0       0       0       0
Total ram usage:        0 bytes
 Hardware stack levels used:    1
 Hardware stack levels required when called:    2
 This function calls:
		Nothing
 This function is called by:
		_GBS_Interrupt_Init
 This function uses a non-reentrant model


 *************** function _ISR *****************
 Defined at:
		line 87 in file "../gbs8/bsp/scr/gbs8_interrupt.c"
 Parameters:    Size  Location     Type
		None
 Auto vars:     Size  Location     Type
		None
 Return value:  Size  Location     Type
                  1    wreg      void 
 Registers used:
		wreg, status,2, status,0, pclath, cstack
 Tracked objects:
		On entry : 
		On exit  : 
		Unchanged: 
 Data sizes:     COMMON   BANK0   BANK1   BANK3   BANK2
      Params:         0       0       0       0       0
      Locals:         0       0       0       0       0
      Temps:          2       0       0       0       0
      Totals:         2       0       0       0       0
Total ram usage:        2 bytes
 Hardware stack levels used:    1
 Hardware stack levels required when called:    1
 This function calls:
		_T0I_ISR
 This function is called by:
		Interrupt level 1
 This function uses a non-reentrant model


 *************** function _T0I_ISR *****************
 Defined at:
		line 18 in file "../test.c"
 Parameters:    Size  Location     Type
		None
 Auto vars:     Size  Location     Type
		None
 Return value:  Size  Location     Type
                  1    wreg      void 
 Registers used:
		wreg, status,2, status,0
 Tracked objects:
		On entry : 
		On exit  : 
		Unchanged: 
 Data sizes:     COMMON   BANK0   BANK1   BANK3   BANK2
      Params:         0       0       0       0       0
      Locals:         0       0       0       0       0
      Temps:          0       0       0       0       0
      Totals:         0       0       0       0       0
Total ram usage:        0 bytes
 Hardware stack levels used:    1
 This function calls:
		Nothing
 This function is called by:
		_ISR
 This function uses a non-reentrant model



MODULE INFORMATION

Module		Function		Class		Link	Load	Size
../test.c
		_main          		CODE           	0046	0000	21
		_T0I_ISR       		CODE           	0017	0000	48

../test.c estimated size: 69

../gbs8/bsp/scr/gbs8_timer.c
		_GBS_Timer0_Config		CODE           	006B	0000	16

../gbs8/bsp/scr/gbs8_timer.c estimated size: 16

shared
		__initialization		CODE           	000F	0000	5

shared estimated size: 5

../gbs8/bsp/scr/gbs8_interrupt.c
		_ISR           		CODE           	005A	0000	18
		_GBS_T0I_Config		CODE           	0086	0000	9
		_GBS_Interrupt_Enable		CODE           	008E	0000	4
		_GBS_Interrupt_Init		CODE           	007A	0000	13

../gbs8/bsp/scr/gbs8_interrupt.c estimated size: 44

